[re1999.bluepoch.com/jp/index.html]
[re1999.bluepoch.com/jp/assets/css/swiper-bundle.min.css]
[re1999.bluepoch.com/jp/assets/css/statement.css]
[re1999.bluepoch.com/jp/assets/css/index.css]
[re1999.bluepoch.com/jp/assets/css/alert.css]
[backblue.gif]
[fade.gif]
[index.html]
[re1999.bluepoch.com/jp/assets/img/share_version_2.3.jpg]
[re1999.bluepoch.com/jp/assets/img/bg.jpg]
[re1999.bluepoch.com/jp/assets/img/first/logo.png]
[re1999.bluepoch.com/jp/assets/img/first/pc.png]
[re1999.bluepoch.com/jp/assets/img/first/ios.png]
[re1999.bluepoch.com/jp/assets/img/first/android.png]
[re1999.bluepoch.com/jp/home/index.html]
[re1999.bluepoch.com/jp/assets/img/first/pv.png]
[re1999.bluepoch.com/jp/assets/img/second/1t.png]
[re1999.bluepoch.com/jp/assets/img/second/h1c.png]
[re1999.bluepoch.com/jp/assets/img/second/h2c.png]
[re1999.bluepoch.com/jp/assets/img/second/h3c.png]
[re1999.bluepoch.com/jp/assets/img/wan/baic.png]
[re1999.bluepoch.com/jp/assets/img/wan/xinn.png]
[re1999.bluepoch.com/jp/assets/img/wan/bain.png]
[re1999.bluepoch.com/jp/assets/img/wan/xinc.png]
[re1999.bluepoch.com/jp/assets/img/wan/wai1.png]
[re1999.bluepoch.com/jp/assets/img/wan/bai.mp4]
[re1999.bluepoch.com/jp/assets/img/wan/wai2.png]
[re1999.bluepoch.com/jp/assets/img/wan/xin.mp4]
[re1999.bluepoch.com/jp/assets/img/third/xn.png]
[re1999.bluepoch.com/jp/assets/img/fourth/1.png]
[re1999.bluepoch.com/jp/assets/img/fourth/2.png]
[re1999.bluepoch.com/jp/assets/img/fourth/3.png]
[re1999.bluepoch.com/jp/assets/img/fourth/4.png]
[re1999.bluepoch.com/jp/assets/img/fourth/5.png]
[re1999.bluepoch.com/jp/assets/img/statement/logo.png]
[re1999.bluepoch.com/jp/bluepoch/privacy.html]
[re1999.bluepoch.com/jp/bluepoch/terms.html]
[re1999.bluepoch.com/jp/bluepoch/about.html]
[re1999.bluepoch.com/jp/bluepoch/fund.html]
[re1999.bluepoch.com/jp/assets/img/statement/切换语言.png]
[re1999.bluepoch.com/jp/assets/js/jquery-3.7.0.min.js]
[re1999.bluepoch.com/jp/assets/js/swiper-bundle.min.js]
[re1999.bluepoch.com/jp/assets/js/api.js]
[re1999.bluepoch.com/en/index.html]
[re1999.bluepoch.com/jp/assets/js/index.js]
[re1999.bluepoch.com/jp/assets/js/changeImg.js]
[re1999.bluepoch.com/jp/index.html]
[re1999.bluepoch.com/jp/assets/css/swiper-bundle.min.css]
[re1999.bluepoch.com/jp/assets/css/statement.css]
[re1999.bluepoch.com/jp/assets/img/first/go.png]
[re1999.bluepoch.com/jp/assets/img/second/t3.png]
[re1999.bluepoch.com/jp/assets/img/second/1-1.png]
[re1999.bluepoch.com/jp/assets/img/second/d1.png]
[re1999.bluepoch.com/jp/assets/img/second/d1c.png]
[re1999.bluepoch.com/jp/assets/img/second/d2.png]
[re1999.bluepoch.com/jp/assets/img/second/d2c.png]
[re1999.bluepoch.com/jp/assets/img/second/y.png]
[re1999.bluepoch.com/jp/assets/img/second/y.gif]
[re1999.bluepoch.com/jp/assets/img/second/z.png]
[re1999.bluepoch.com/jp/assets/img/second/z.gif]
[re1999.bluepoch.com/jp/assets/img/second/rookie1-video-btn.png]
[re1999.bluepoch.com/jp/assets/img/second/rookie2-video-btn.png]
[re1999.bluepoch.com/jp/assets/img/second/h1.png]
[re1999.bluepoch.com/jp/assets/img/second/h2.png]
[re1999.bluepoch.com/jp/assets/img/second/h3.png]
[re1999.bluepoch.com/jp/assets/img/third/5t.png]
[re1999.bluepoch.com/jp/assets/img/fourth/6t.png]
[re1999.bluepoch.com/jp/assets/img/wan/title.png]
[re1999.bluepoch.com/jp/assets/css/index.css]
[re1999.bluepoch.com/jp/assets/css/alert.css]
[re1999.bluepoch.com/jp/home/img/share_img1.jpg]
[re1999.bluepoch.com/jp/home/script/swiper-bundle.min.css]
[re1999.bluepoch.com/jp/home/css/animate.css]
[re1999.bluepoch.com/jp/home/css/animateSelf.css]
[re1999.bluepoch.com/jp/home/css/index.css]
[re1999.bluepoch.com/jp/home/css/mouse.css]
[re1999.bluepoch.com/jp/home/css/news.css]
[re1999.bluepoch.com/jp/home/css/first.css]
[re1999.bluepoch.com/jp/home/css/character.css]
[re1999.bluepoch.com/jp/home/css/backstory.css]
[re1999.bluepoch.com/jp/home/css/gallery.css]
[re1999.bluepoch.com/jp/home/css/statement.css]
[re1999.bluepoch.com/jp/home/css/videomaskDetail.css]
[re1999.bluepoch.com/jp/home/css/papermask.css]
[re1999.bluepoch.com/jp/home/css/papermaskDetail.css]
[re1999.bluepoch.com/jp/home/css/newsDetail.css]
[re1999.bluepoch.com/jp/home/css/index926.css]
[re1999.bluepoch.com/jp/home/css/firstMobile.css]
[re1999.bluepoch.com/jp/home/css/mobileNews.css]
[re1999.bluepoch.com/jp/home/css/characterMobile.css]
[re1999.bluepoch.com/jp/home/css/characterPad.css]
[re1999.bluepoch.com/jp/home/css/backstoryMobile.css]
[re1999.bluepoch.com/jp/home/css/backstoryPad.css]
[re1999.bluepoch.com/jp/home/css/galleryMobile.css]
[re1999.bluepoch.com/jp/home/css/galleryPad.css]
[re1999.bluepoch.com/jp/home/css/statementMobile.css]
[re1999.bluepoch.com/jp/home/css/musicmaskMobile.css]
[re1999.bluepoch.com/jp/home/css/musicmaskDetailMobile.css]
[re1999.bluepoch.com/jp/home/css/papermaskMobile.css]
[re1999.bluepoch.com/jp/home/css/videomaskMobile.css]
[re1999.bluepoch.com/jp/home/css/yuyue.css]
[re1999.bluepoch.com/jp/home/css/cookie.css]
[re1999.bluepoch.com/jp/home/css/cookieMobile.css]
[re1999.bluepoch.com/jp/home/css/yuyueMobile.css]
[re1999.bluepoch.com/jp/home/img/loading/loading.gif]
[re1999.bluepoch.com/jp/home/img/icon/wx.png]
[re1999.bluepoch.com/jp/home/img/statement/ageword.png]
[re1999.bluepoch.com/jp/home/img/statement/agewordM.png]
[re1999.bluepoch.com/jp/home/img/music/hide.png]
[re1999.bluepoch.com/jp/home/img/logo.png]
[re1999.bluepoch.com/jp/home/img/v2.webp]
[re1999.bluepoch.com/jp/home/img/v2c.png]
[re1999.bluepoch.com/jp/home/img/mobile/Menu.png]
[re1999.bluepoch.com/jp/home/img/mobile/Menuc.png]
[re1999.bluepoch.com/jp/home/img/close.png]
[re1999.bluepoch.com/jp/home/img/login/ju.png]
[re1999.bluepoch.com/jp/home/img/login/g.png]
[re1999.bluepoch.com/jp/home/img/login/yb.png]
[re1999.bluepoch.com/jp/home/img/login/one.png]
[re1999.bluepoch.com/jp/home/img/login/two.png]
[re1999.bluepoch.com/jp/home/img/share.png]
[re1999.bluepoch.com/jp/home/kv/p.jpg]
[re1999.bluepoch.com/jp/home/img/first/1.png]
[re1999.bluepoch.com/jp/home/img/first/2.png]
[re1999.bluepoch.com/jp/home/img/first/3.webp]
[re1999.bluepoch.com/jp/home/img/first/appstore.png]
[re1999.bluepoch.com/jp/home/img/first/google.png]
[re1999.bluepoch.com/jp/home/img/first/pc.png]
[re1999.bluepoch.com/jp/home/img/first/play.webp]
[re1999.bluepoch.com/jp/home/img/first/yu.png]
[re1999.bluepoch.com/jp/home/img/News.png]
[re1999.bluepoch.com/jp/home/img/jian.png]
[re1999.bluepoch.com/jp/home/img/character/1.png]
[re1999.bluepoch.com/jp/home/img/character/2.png]
[re1999.bluepoch.com/jp/home/img/character/3.png]
[re1999.bluepoch.com/jp/home/img/character/4.png]
[re1999.bluepoch.com/jp/home/img/character/5.png]
[re1999.bluepoch.com/jp/home/img/character/6.png]
[re1999.bluepoch.com/jp/home/img/character/7.png]
[re1999.bluepoch.com/jp/home/img/character/8.png]
[re1999.bluepoch.com/jp/home/img/character/9.png]
[re1999.bluepoch.com/jp/home/img/character/10.png]
[re1999.bluepoch.com/jp/home/img/role/false.webp]
[re1999.bluepoch.com/jp/home/img/role/1t.png]
[re1999.bluepoch.com/jp/home/img/yuyin_01.png]
[re1999.bluepoch.com/jp/home/img/yuyin_02.webp]
[re1999.bluepoch.com/jp/home/img/live2d.png]
[re1999.bluepoch.com/jp/home/img/Live2Ding.png]
[re1999.bluepoch.com/jp/home/img/backstory/p1.png]
[re1999.bluepoch.com/jp/home/img/backstory/big.png]
[re1999.bluepoch.com/jp/home/img/backstory/p2.png]
[re1999.bluepoch.com/jp/home/img/backstory/p3.png]
[re1999.bluepoch.com/jp/home/img/backstory/p4.png]
[re1999.bluepoch.com/jp/home/img/backstory/p5.png]
[re1999.bluepoch.com/jp/home/img/backstory/p6.png]
[re1999.bluepoch.com/jp/home/img/backstory/p7.png]
[re1999.bluepoch.com/jp/home/img/backstory/p8.png]
[re1999.bluepoch.com/jp/home/img/backstory/t1.png]
[re1999.bluepoch.com/jp/home/img/backstory/pre.png]
[re1999.bluepoch.com/jp/home/img/backstory/next.png]
[re1999.bluepoch.com/jp/home/img/gallery/01.png]
[re1999.bluepoch.com/jp/home/img/gallery/01_GIF.gif]
[re1999.bluepoch.com/jp/home/img/gallery/01_t.png]
[re1999.bluepoch.com/jp/home/img/gallery/02.png]
[re1999.bluepoch.com/jp/home/img/gallery/02_GIF.webp]
[re1999.bluepoch.com/jp/home/img/gallery/02_t.png]
[re1999.bluepoch.com/jp/home/img/gallery/03.png]
[re1999.bluepoch.com/jp/home/img/gallery/mu.png]
[re1999.bluepoch.com/jp/home/img/gallery/03_t.png]
[re1999.bluepoch.com/jp/home/img/gallery/txt_1.png]
[re1999.bluepoch.com/jp/home/img/gallery/txt_2.png]
[re1999.bluepoch.com/jp/home/img/gallery/txt_3.png]
[re1999.bluepoch.com/jp/home/kv/m.jpg]
[re1999.bluepoch.com/jp/home/kv/slogan.png]
[re1999.bluepoch.com/jp/home/img/firstMobile/p2.png]
[re1999.bluepoch.com/jp/home/img/firstMobile/d1.png]
[re1999.bluepoch.com/jp/home/img/login/y.png]
[re1999.bluepoch.com/jp/home/img/role/01q.gif]
[re1999.bluepoch.com/jp/home/img/role/1.png]
[re1999.bluepoch.com/jp/home/img/backstoryM/1.png]
[re1999.bluepoch.com/jp/home/img/backstoryM/pre.png]
[re1999.bluepoch.com/jp/home/img/backstoryM/next.png]
[re1999.bluepoch.com/jp/home/img/backstoryM/t1.png]
[re1999.bluepoch.com/jp/home/img/gallery/01M.png]
[re1999.bluepoch.com/jp/home/img/gallery/02M.png]
[re1999.bluepoch.com/jp/home/img/gallery/02_GIF.gif]
[re1999.bluepoch.com/jp/home/img/gallery/03M.png]
[re1999.bluepoch.com/jp/home/img/paperDetail/b.png]
[re1999.bluepoch.com/jp/home/img/paperDetail/s.png]
[re1999.bluepoch.com/jp/home/img/paperDetail/a.png]
[re1999.bluepoch.com/jp/home/img/paperDetail/d.png]
[re1999.bluepoch.com/jp/home/img/paperDetail/c.png]
[re1999.bluepoch.com/jp/home/mp3/bg/bgm.mp3]
[re1999.bluepoch.com/jp/home/script/jquery-1.11.3.min.js]
[re1999.bluepoch.com/jp/home/script/swiper-bundle.min.js]
[re1999.bluepoch.com/jp/home/js/storage.js]
[re1999.bluepoch.com/jp/home/js/api.js]
[re1999.bluepoch.com/jp/home/js/banner.js]
[re1999.bluepoch.com/jp/home/js/main.js]
[re1999.bluepoch.com/jp/home/js/canvas.js]
[re1999.bluepoch.com/jp/home/js/first.js]
[re1999.bluepoch.com/jp/home/js/newsMobile.js]
[re1999.bluepoch.com/jp/home/js/news.js]
[re1999.bluepoch.com/jp/home/js/character.js]
[re1999.bluepoch.com/jp/home/js/mobile.js]
[re1999.bluepoch.com/jp/home/js/backstory.js]
[re1999.bluepoch.com/jp/home/js/papermaskDetail.js]
[re1999.bluepoch.com/jp/home/js/router.js]
[re1999.bluepoch.com/jp/home/js/gallery.js]
[re1999.bluepoch.com/jp/home/js/papermaskMobile.js]
[re1999.bluepoch.com/jp/home/js/characterMobile.js]
[re1999.bluepoch.com/jp/home/js/galleryMobile.js]
[re1999.bluepoch.com/jp/home/js/backstoryMobile.js]
[re1999.bluepoch.com/jp/home/js/musicControls.js]
[re1999.bluepoch.com/jp/home/js/formatSeconds.js]
[re1999.bluepoch.com/jp/home/js/yuyue.js]
[re1999.bluepoch.com/payment/info.html]
[re1999.bluepoch.com/jp/home/index.html]
[re1999.bluepoch.com/jp/bluepoch/privacy.html]
[re1999.bluepoch.com/jp/bluepoch/terms.html]
[re1999.bluepoch.com/jp/bluepoch/about.html]
[re1999.bluepoch.com/jp/bluepoch/fund.html]
[re1999.bluepoch.com/favicon.ico]
[re1999.bluepoch.com/en/assets/css/swiper-bundle.min.css]
[re1999.bluepoch.com/en/assets/css/statement.css]
[re1999.bluepoch.com/en/assets/css/index.css]
[re1999.bluepoch.com/en/assets/css/alert.css]
[re1999.bluepoch.com/en/assets/img/share_en2_3.jpg]
[re1999.bluepoch.com/en/assets/img/bg.png]
[re1999.bluepoch.com/en/assets/img/first/logo.png]
[re1999.bluepoch.com/en/assets/img/first/ios.png]
[re1999.bluepoch.com/en/assets/img/first/android.png]
[re1999.bluepoch.com/en/home/index.html]
[re1999.bluepoch.com/en/assets/img/first/pc.png]
[re1999.bluepoch.com/en/assets/img/first/pv.png]
[re1999.bluepoch.com/en/assets/img/second/d1.png]
[re1999.bluepoch.com/en/assets/img/second/d2c.png]
[re1999.bluepoch.com/en/assets/img/second/1d.png]
[re1999.bluepoch.com/en/assets/img/second/h1c.png]
[re1999.bluepoch.com/en/assets/img/second/h1.png]
[re1999.bluepoch.com/en/assets/img/second/h2c.png]
[re1999.bluepoch.com/en/assets/img/second/h2.png]
[re1999.bluepoch.com/en/assets/img/second/h3c.png]
[re1999.bluepoch.com/en/assets/img/second/h3.png]
[re1999.bluepoch.com/en/assets/img/wan/baic.png]
[re1999.bluepoch.com/en/assets/img/wan/xinn.png]
[re1999.bluepoch.com/en/assets/img/wan/bain.png]
[re1999.bluepoch.com/en/assets/img/wan/xinc.png]
[re1999.bluepoch.com/en/assets/img/wan/wai1.png]
[re1999.bluepoch.com/en/assets/img/wan/bai.mp4]
[re1999.bluepoch.com/en/assets/img/wan/wai2.png]
[re1999.bluepoch.com/en/assets/img/wan/xin.mp4]
[re1999.bluepoch.com/en/assets/img/fourth/Twitter.png]
[re1999.bluepoch.com/en/assets/img/fourth/Youtube.png]
[re1999.bluepoch.com/en/assets/img/fourth/Facebook.png]
[re1999.bluepoch.com/en/assets/img/fourth/Discord.png]
[re1999.bluepoch.com/en/assets/img/fourth/Reddit.png]
[re1999.bluepoch.com/en/assets/img/fourth/TikTok.png]
[re1999.bluepoch.com/en/assets/img/fourth/Instagram.png]
[re1999.bluepoch.com/en/assets/js/jquery-3.7.0.min.js]
[re1999.bluepoch.com/en/assets/js/swiper-bundle.min.js]
[re1999.bluepoch.com/en/assets/js/changeImg.js]
[re1999.bluepoch.com/en/assets/js/api.js]
[re1999.bluepoch.com/en/assets/js/index.js]
[re1999.bluepoch.com/en/assets/js/bpFooter.en.js]
[re1999.bluepoch.com/en/assets/js/createCookie.js]
[re1999.bluepoch.com/en/assets/js/preloadImg.js]
[re1999.bluepoch.com/en/index.html]
[re1999.bluepoch.com/jp/home/script/swiper-bundle.min.css]
[re1999.bluepoch.com/jp/home/css/animate.css]
[re1999.bluepoch.com/jp/home/css/animateSelf.css]
[re1999.bluepoch.com/jp/home/font/myFont.html]
[re1999.bluepoch.com/jp/home/img/bg.jpg]
[re1999.bluepoch.com/jp/home/img/BG2.png]
[re1999.bluepoch.com/jp/home/img/icon/twitter.png]
[re1999.bluepoch.com/jp/home/img/icon/twitterc.png]
[re1999.bluepoch.com/jp/home/img/icon/w.png]
[re1999.bluepoch.com/jp/home/img/icon/wc.png]
[re1999.bluepoch.com/jp/home/img/icon/c.png]
[re1999.bluepoch.com/jp/home/img/icon/cc.png]
[re1999.bluepoch.com/jp/home/img/icon/youtube.png]
[re1999.bluepoch.com/jp/home/img/icon/youtubec.png]
[re1999.bluepoch.com/jp/home/img/icon/q.png]
[re1999.bluepoch.com/jp/home/img/icon/qc.png]
[re1999.bluepoch.com/jp/home/img/icon/tiktok.png]
[re1999.bluepoch.com/jp/home/img/icon/tiktokc.png]
[re1999.bluepoch.com/jp/home/img/icon/discord.png]
[re1999.bluepoch.com/jp/home/img/icon/discordc.png]
[re1999.bluepoch.com/jp/home/img/icon/r.png]
[re1999.bluepoch.com/jp/home/img/icon/rc.png]
[re1999.bluepoch.com/jp/home/img/icon/l.png]
[re1999.bluepoch.com/jp/home/img/icon/lc.png]
[re1999.bluepoch.com/jp/home/img/icon/line.png]
[re1999.bluepoch.com/jp/home/img/icon/linec.png]
[re1999.bluepoch.com/jp/home/img/icon/QQ.png]
[re1999.bluepoch.com/jp/home/img/loading/load.gif]
[re1999.bluepoch.com/jp/home/css/index.css]
[re1999.bluepoch.com/jp/home/css/mouse.css]
[re1999.bluepoch.com/jp/home/img/icon/p.png]
[re1999.bluepoch.com/jp/home/img/icon/pc.png]
[re1999.bluepoch.com/jp/home/img/more.png]
[re1999.bluepoch.com/jp/home/css/news.css]
[re1999.bluepoch.com/jp/home/css/first.css]
[re1999.bluepoch.com/jp/home/img/role/1bg.png]
[re1999.bluepoch.com/jp/home/css/character.css]
[re1999.bluepoch.com/jp/home/img/backstory/1_1.png]
[re1999.bluepoch.com/jp/home/img/backstory/2_1.png]
[re1999.bluepoch.com/jp/home/img/backstory/3_1.png]
[re1999.bluepoch.com/jp/home/img/backstory/4_1.png]
[re1999.bluepoch.com/jp/home/img/backstory/5_1.png]
[re1999.bluepoch.com/jp/home/img/backstory/6_1.png]
[re1999.bluepoch.com/jp/home/img/backstory/7_1.png]
[re1999.bluepoch.com/jp/home/img/backstory/8_1.png]
[re1999.bluepoch.com/jp/home/css/backstory.css]
[re1999.bluepoch.com/jp/home/css/gallery.css]
[re1999.bluepoch.com/jp/home/img/statement/-h-Twitter.png]
[re1999.bluepoch.com/jp/home/img/statement/-h-Facebook.png]
[re1999.bluepoch.com/jp/home/img/statement/-h-Youtube.png]
[re1999.bluepoch.com/jp/home/img/statement/-h-Discord.png]
[re1999.bluepoch.com/jp/home/img/statement/-h-Reddit.png]
[re1999.bluepoch.com/jp/home/img/statement/-h-Line.png]
[re1999.bluepoch.com/jp/home/img/statement/-h-Tiktok.png]
[re1999.bluepoch.com/jp/home/img/statement/fixed.png]
[re1999.bluepoch.com/jp/home/img/statement/app_store.png]
[re1999.bluepoch.com/jp/home/img/statement/pc.png]
[re1999.bluepoch.com/jp/home/img/statement/google.png]
[re1999.bluepoch.com/jp/home/css/statement.css]
[re1999.bluepoch.com/jp/home/css/videomaskDetail.css]
[re1999.bluepoch.com/jp/home/img/paperDetail/bg1.png]
[re1999.bluepoch.com/jp/home/css/papermask.css]
[re1999.bluepoch.com/jp/home/css/papermaskDetail.css]
[re1999.bluepoch.com/jp/home/css/newsDetail.css]
[re1999.bluepoch.com/jp/home/img/BGM.png]
[re1999.bluepoch.com/jp/home/img/firstMobile/nav_bg.png]
[re1999.bluepoch.com/jp/home/img/icon/bm.png]
[re1999.bluepoch.com/jp/home/img/icon/bc.png]
[re1999.bluepoch.com/jp/home/img/icon/wm.png]
[re1999.bluepoch.com/jp/home/img/icon/cm.png]
[re1999.bluepoch.com/jp/home/img/icon/tw.png]
[re1999.bluepoch.com/jp/home/img/icon/yt.png]
[re1999.bluepoch.com/jp/home/img/icon/tt.png]
[re1999.bluepoch.com/jp/home/img/icon/discord-m.png]
[re1999.bluepoch.com/jp/home/img/icon/ln.png]
[re1999.bluepoch.com/jp/home/css/index926.css]
[re1999.bluepoch.com/jp/home/css/firstMobile.css]
[re1999.bluepoch.com/jp/home/img/icon/p2.png]
[re1999.bluepoch.com/jp/home/css/mobileNews.css]
[re1999.bluepoch.com/jp/home/css/characterMobile.css]
[re1999.bluepoch.com/jp/home/css/characterPad.css]
[re1999.bluepoch.com/jp/home/css/backstoryMobile.css]
[re1999.bluepoch.com/jp/home/css/backstoryPad.css]
[re1999.bluepoch.com/jp/home/css/galleryMobile.css]
[re1999.bluepoch.com/jp/home/css/galleryPad.css]
[re1999.bluepoch.com/jp/home/img/mobile/state_bg.png]
[re1999.bluepoch.com/jp/home/img/mobile/app_store.png]
[re1999.bluepoch.com/jp/home/img/mobile/google_play.png]
[re1999.bluepoch.com/jp/home/css/statementMobile.css]
[re1999.bluepoch.com/jp/home/img/music/1.png]
[re1999.bluepoch.com/jp/home/css/musicmaskMobile.css]
[re1999.bluepoch.com/jp/home/img/video/str.png]
[re1999.bluepoch.com/jp/home/css/musicmaskDetailMobile.css]
[re1999.bluepoch.com/jp/home/css/papermaskMobile.css]
[re1999.bluepoch.com/jp/home/css/videomaskMobile.css]
[re1999.bluepoch.com/jp/home/img/login/loginBg.png]
[re1999.bluepoch.com/jp/home/img/login/q.png]
[re1999.bluepoch.com/jp/home/css/yuyue.css]
[re1999.bluepoch.com/jp/home/img/first/cookie-accept.png]
[re1999.bluepoch.com/jp/home/css/cookie.css]
[re1999.bluepoch.com/jp/home/css/cookieMobile.css]
[re1999.bluepoch.com/jp/home/css/yuyueMobile.css]
[re1999.bluepoch.com/jp/home/p1d.html]
[re1999.bluepoch.com/jp/home/p2d.html]
[re1999.bluepoch.com/jp/home/p3d.html]
[re1999.bluepoch.com/jp/home/p4d.html]
[re1999.bluepoch.com/jp/home/p5d.html]
[re1999.bluepoch.com/jp/home/p6d.html]
[re1999.bluepoch.com/jp/home/p7d.html]
[re1999.bluepoch.com/jp/home/p8d.html]
[re1999.bluepoch.com/payment/favicon.ico]
[re1999.bluepoch.com/payment/assets/index-6f03bad8.js]
[re1999.bluepoch.com/payment/assets/index-bac5e5fa.css]
[re1999.bluepoch.com/payment/info.html]
[re1999.bluepoch.com/en/assets/css/swiper-bundle.min.css]
[re1999.bluepoch.com/en/assets/css/statement.css]
[re1999.bluepoch.com/payment/assets/polyfills-legacy-e350f447.js]
[re1999.bluepoch.com/en/assets/img/first/go.png]
[re1999.bluepoch.com/en/assets/img/second/t3.png]
[re1999.bluepoch.com/en/assets/img/second/1-1.png]
[re1999.bluepoch.com/en/assets/img/second/d1c.png]
[re1999.bluepoch.com/en/assets/img/second/d2.png]
[re1999.bluepoch.com/en/assets/img/second/y.png]
[re1999.bluepoch.com/en/assets/img/second/y.gif]
[re1999.bluepoch.com/en/assets/img/second/rookie1-video-btn.png]
[re1999.bluepoch.com/en/assets/img/second/rookie2-video-btn.png]
[re1999.bluepoch.com/en/assets/img/third/5t.png]
[re1999.bluepoch.com/en/assets/img/fourth/6t.png]
[re1999.bluepoch.com/en/assets/img/wan/title.png]
[re1999.bluepoch.com/en/assets/css/index.css]
[re1999.bluepoch.com/en/assets/css/alert.css]
[re1999.bluepoch.com/en/home/img/share/share.jpg]
[re1999.bluepoch.com/en/home/script/swiper-bundle.min.css]
[re1999.bluepoch.com/en/home/css/animate.css]
[re1999.bluepoch.com/en/home/css/animateSelf.css]
[re1999.bluepoch.com/en/home/css/flex.css]
[re1999.bluepoch.com/en/home/css/index.css]
[re1999.bluepoch.com/en/home/css/mouse.css]
[re1999.bluepoch.com/en/home/css/news.css]
[re1999.bluepoch.com/en/home/css/first.css]
[re1999.bluepoch.com/en/home/css/character.css]
[re1999.bluepoch.com/en/home/css/backstory.css]
[re1999.bluepoch.com/en/home/css/gallery.css]
[re1999.bluepoch.com/en/home/css/statement.css]
[re1999.bluepoch.com/en/home/css/videomaskDetail.css]
[re1999.bluepoch.com/en/home/css/papermask.css]
[re1999.bluepoch.com/en/home/css/papermaskDetail.css]
[re1999.bluepoch.com/en/home/css/newsDetail.css]
[re1999.bluepoch.com/en/home/css/index926.css]
[re1999.bluepoch.com/en/home/css/firstMobile.css]
[re1999.bluepoch.com/en/home/css/mobileNews.css]
[re1999.bluepoch.com/en/home/css/characterMobile.css]
[re1999.bluepoch.com/en/home/css/characterPad.css]
[re1999.bluepoch.com/en/home/css/backstoryMobile.css]
[re1999.bluepoch.com/en/home/css/backstoryPad.css]
[re1999.bluepoch.com/en/home/css/galleryMobile.css]
[re1999.bluepoch.com/en/home/css/galleryPad.css]
[re1999.bluepoch.com/en/home/css/statementMobile.css]
[re1999.bluepoch.com/en/home/css/musicmaskMobile.css]
[re1999.bluepoch.com/en/home/css/musicmaskDetailMobile.css]
[re1999.bluepoch.com/en/home/css/papermaskMobile.css]
[re1999.bluepoch.com/en/home/css/videomaskMobile.css]
[re1999.bluepoch.com/en/home/css/cookie.pop.css]
[re1999.bluepoch.com/en/home/img/loading/loading.gif]
[re1999.bluepoch.com/en/home/img/music/hide.png]
[re1999.bluepoch.com/en/home/img/logo.png]
[re1999.bluepoch.com/en/home/img/v2.webp]
[re1999.bluepoch.com/en/home/img/v2c.png]
[re1999.bluepoch.com/en/home/img/mobile/Menu.png]
[re1999.bluepoch.com/en/home/img/mobile/Menuc.png]
[re1999.bluepoch.com/en/home/img/share.png]
[re1999.bluepoch.com/en/home/kv/p.jpg]
[re1999.bluepoch.com/en/home/img/first/1.png]
[re1999.bluepoch.com/en/home/img/first/2.png]
[re1999.bluepoch.com/en/home/img/first/3.webp]
[re1999.bluepoch.com/en/home/img/first/QR.png]
[re1999.bluepoch.com/en/home/img/first/pc.png]
[re1999.bluepoch.com/en/home/img/first/pc_small.png]
[re1999.bluepoch.com/en/home/img/first/blue.png]
[re1999.bluepoch.com/en/home/img/first/ios.png]
[re1999.bluepoch.com/en/home/img/first/and.png]
[re1999.bluepoch.com/en/home/img/first/play.webp]
[re1999.bluepoch.com/en/home/img/News.png]
[re1999.bluepoch.com/en/home/img/jian.png]
[re1999.bluepoch.com/en/home/img/character/1.png]
[re1999.bluepoch.com/en/home/img/character/2.png]
[re1999.bluepoch.com/en/home/img/character/3.png]
[re1999.bluepoch.com/en/home/img/character/4.png]
[re1999.bluepoch.com/en/home/img/character/5.png]
[re1999.bluepoch.com/en/home/img/character/6.png]
[re1999.bluepoch.com/en/home/img/character/7.png]
[re1999.bluepoch.com/en/home/img/character/8.png]
[re1999.bluepoch.com/en/home/img/character/9.png]
[re1999.bluepoch.com/en/home/img/character/10.png]
[re1999.bluepoch.com/en/home/img/role/false.webp]
[re1999.bluepoch.com/en/home/img/role/1t.png]
[re1999.bluepoch.com/en/home/img/yuyin_01.png]
[re1999.bluepoch.com/en/home/img/yuyin_02.webp]
[re1999.bluepoch.com/en/home/img/live2d.png]
[re1999.bluepoch.com/en/home/img/Live2Ding.png]
[re1999.bluepoch.com/en/home/img/backstory/p1.png]
[re1999.bluepoch.com/en/home/img/backstory/p1c.png]
[re1999.bluepoch.com/en/home/img/backstory/big.png]
[re1999.bluepoch.com/en/home/img/backstory/p2.png]
[re1999.bluepoch.com/en/home/img/backstory/p2c.png]
[re1999.bluepoch.com/en/home/img/backstory/p3.png]
[re1999.bluepoch.com/en/home/img/backstory/p3c.png]
[re1999.bluepoch.com/en/home/img/backstory/p4.png]
[re1999.bluepoch.com/en/home/img/backstory/p4c.png]
[re1999.bluepoch.com/en/home/img/backstory/p5.png]
[re1999.bluepoch.com/en/home/img/backstory/p5c.png]
[re1999.bluepoch.com/en/home/img/backstory/p6.png]
[re1999.bluepoch.com/en/home/img/backstory/p6c.png]
[re1999.bluepoch.com/en/home/img/backstory/p7.png]
[re1999.bluepoch.com/en/home/img/backstory/p7c.png]
[re1999.bluepoch.com/en/home/img/backstory/p8.png]
[re1999.bluepoch.com/en/home/img/backstory/p8c.png]
[re1999.bluepoch.com/en/home/img/backstory/t1.png]
[re1999.bluepoch.com/en/home/img/backstory/pre.png]
[re1999.bluepoch.com/en/home/img/backstory/next.png]
[re1999.bluepoch.com/en/home/img/gallery/01.png]
[re1999.bluepoch.com/en/home/img/gallery/01_GIF.gif]
[re1999.bluepoch.com/en/home/img/gallery/01_t.png]
[re1999.bluepoch.com/en/home/img/gallery/02.png]
[re1999.bluepoch.com/en/home/img/gallery/02_GIF.webp]
[re1999.bluepoch.com/en/home/img/gallery/02_t.png]
[re1999.bluepoch.com/en/home/img/gallery/03.png]
[re1999.bluepoch.com/en/home/img/gallery/mu.png]
[re1999.bluepoch.com/en/home/img/gallery/03_t.png]
[re1999.bluepoch.com/en/home/img/gallery/txt_1.png]
[re1999.bluepoch.com/en/home/img/gallery/txt_2.png]
[re1999.bluepoch.com/en/home/img/gallery/txt_3.png]
[re1999.bluepoch.com/en/home/kv/m.jpg]
[re1999.bluepoch.com/en/home/img/firstMobile/p2.png]
[re1999.bluepoch.com/en/home/img/firstMobile/down.png]
[re1999.bluepoch.com/en/home/img/firstMobile/pc.png]
[re1999.bluepoch.com/en/home/img/firstMobile/ios.png]
[re1999.bluepoch.com/en/home/img/firstMobile/and.png]
[re1999.bluepoch.com/en/home/img/role/01q.gif]
[re1999.bluepoch.com/en/home/img/role/1.png]
[re1999.bluepoch.com/en/home/img/role/5m.gif]
[re1999.bluepoch.com/en/home/img/backstoryM/1.png]
[re1999.bluepoch.com/en/home/img/backstoryM/pre.png]
[re1999.bluepoch.com/en/home/img/backstoryM/next.png]
[re1999.bluepoch.com/en/home/img/backstoryM/t1.png]
[re1999.bluepoch.com/en/home/img/gallery/01M.png]
[re1999.bluepoch.com/en/home/img/gallery/02M.png]
[re1999.bluepoch.com/en/home/img/gallery/02_GIF.gif]
[re1999.bluepoch.com/en/home/img/gallery/03M.png]
[re1999.bluepoch.com/en/home/img/statement/float.png]
[re1999.bluepoch.com/en/home/img/statement/ios.png]
[re1999.bluepoch.com/en/home/img/statement/and.png]
[re1999.bluepoch.com/en/home/img/statement/pc.png]
[re1999.bluepoch.com/en/home/img/mobile/float.png]
[re1999.bluepoch.com/en/home/img/mobile/ios.png]
[re1999.bluepoch.com/en/home/img/mobile/and.png]
[re1999.bluepoch.com/en/home/img/paperDetail/b.png]
[re1999.bluepoch.com/en/home/img/paperDetail/s.png]
[re1999.bluepoch.com/en/home/img/paperDetail/a.png]
[re1999.bluepoch.com/en/home/img/paperDetail/d.png]
[re1999.bluepoch.com/en/home/img/paperDetail/c.png]
[re1999.bluepoch.com/en/home/mp3/bg/bgm.mp3]
[re1999.bluepoch.com/en/home/script/jquery-1.11.3.min.js]
[re1999.bluepoch.com/en/home/script/swiper-bundle.min.js]
[re1999.bluepoch.com/en/home/js/storage.js]
[re1999.bluepoch.com/en/home/config.js]
[re1999.bluepoch.com/en/home/js/api.js]
[re1999.bluepoch.com/en/home/js/banner.js]
[re1999.bluepoch.com/en/home/js/main.js]
[re1999.bluepoch.com/en/home/js/canvas.js]
[re1999.bluepoch.com/en/home/js/first.js]
[re1999.bluepoch.com/en/home/js/newsMobile.js]
[re1999.bluepoch.com/en/home/js/news.js]
[re1999.bluepoch.com/en/home/js/character.js]
[re1999.bluepoch.com/en/home/js/mobile.js]
[re1999.bluepoch.com/en/home/js/backstory.js]
[re1999.bluepoch.com/en/home/js/papermaskDetail.js]
[re1999.bluepoch.com/en/home/js/router.js]
[re1999.bluepoch.com/en/home/js/gallery.js]
[re1999.bluepoch.com/en/home/js/papermaskMobile.js]
[re1999.bluepoch.com/en/home/js/characterMobile.js]
[re1999.bluepoch.com/en/home/js/galleryMobile.js]
[re1999.bluepoch.com/en/home/js/backstoryMobile.js]
[re1999.bluepoch.com/en/home/js/musicControls.js]
[re1999.bluepoch.com/en/home/js/formatSeconds.js]
[re1999.bluepoch.com/en/home/js/createCookie.js]
[re1999.bluepoch.com/en/home/index.html]
[re1999.bluepoch.com/jp/home/font/myFont.html]
[re1999.bluepoch.com/jp/home/img/lottery/bgno.html]
[re1999.bluepoch.com/jp/home/img/first/cookieï¼close.html]
[re1999.bluepoch.com/payment/assets/index-bac5e5fa.css]
[re1999.bluepoch.com/en/home/script/swiper-bundle.min.css]
[re1999.bluepoch.com/en/home/css/animate.css]
[re1999.bluepoch.com/en/home/css/animateSelf.css]
[re1999.bluepoch.com/en/home/css/flex.css]
[re1999.bluepoch.com/en/home/font/Serif.html]
[re1999.bluepoch.com/en/home/font/Sans.html]
[re1999.bluepoch.com/en/home/img/BG.png]
[re1999.bluepoch.com/en/home/img/BG2.png]
[re1999.bluepoch.com/en/home/img/icon/tw.png]
[re1999.bluepoch.com/en/home/img/icon/twc.png]
[re1999.bluepoch.com/en/home/img/icon/yu.png]
[re1999.bluepoch.com/en/home/img/icon/yuc.png]
[re1999.bluepoch.com/en/home/img/icon/fb.png]
[re1999.bluepoch.com/en/home/img/icon/fbc.png]
[re1999.bluepoch.com/en/home/img/icon/ga.png]
[re1999.bluepoch.com/en/home/img/icon/gac.png]
[re1999.bluepoch.com/en/home/img/icon/gb.png]
[re1999.bluepoch.com/en/home/img/icon/gbc.png]
[re1999.bluepoch.com/en/home/img/icon/tt.png]
[re1999.bluepoch.com/en/home/img/icon/ttc.png]
[re1999.bluepoch.com/en/home/img/icon/ins.png]
[re1999.bluepoch.com/en/home/img/icon/insc.png]
[re1999.bluepoch.com/en/home/img/loading/load.gif]
[re1999.bluepoch.com/en/home/css/index.css]
[re1999.bluepoch.com/en/home/css/mouse.css]
[re1999.bluepoch.com/en/home/img/icon/p.png]
[re1999.bluepoch.com/en/home/img/icon/pc.png]
[re1999.bluepoch.com/en/home/img/more.png]
[re1999.bluepoch.com/en/home/css/news.css]
[re1999.bluepoch.com/en/home/css/first.css]
[re1999.bluepoch.com/en/home/img/role/1bg.png]
[re1999.bluepoch.com/en/home/css/character.css]
[re1999.bluepoch.com/en/home/img/backstory/1_1.png]
[re1999.bluepoch.com/en/home/img/backstory/2_1.png]
[re1999.bluepoch.com/en/home/img/backstory/3_1.png]
[re1999.bluepoch.com/en/home/img/backstory/4_1.png]
[re1999.bluepoch.com/en/home/img/backstory/5_1.png]
[re1999.bluepoch.com/en/home/img/backstory/6_1.png]
[re1999.bluepoch.com/en/home/img/backstory/7_1.png]
[re1999.bluepoch.com/en/home/img/backstory/8_1.png]
[re1999.bluepoch.com/en/home/css/backstory.css]
[re1999.bluepoch.com/en/home/css/gallery.css]
[re1999.bluepoch.com/en/home/img/statement/-h-Twitter.png]
[re1999.bluepoch.com/en/home/img/statement/-h-Facebook.png]
[re1999.bluepoch.com/en/home/img/statement/-h-Youtube.png]
[re1999.bluepoch.com/en/home/img/statement/-h-Discord.png]
[re1999.bluepoch.com/en/home/img/statement/-h-Reddit.png]
[re1999.bluepoch.com/en/home/img/statement/-h-Tiktok.png]
[re1999.bluepoch.com/en/home/img/statement/-h-Instagram.png]
[re1999.bluepoch.com/en/home/css/statement.css]
[re1999.bluepoch.com/en/home/css/videomaskDetail.css]
[re1999.bluepoch.com/en/home/img/paperDetail/bg1.png]
[re1999.bluepoch.com/en/home/css/papermask.css]
[re1999.bluepoch.com/en/home/css/papermaskDetail.css]
[re1999.bluepoch.com/en/home/css/newsDetail.css]
[re1999.bluepoch.com/en/home/font/Didot.html]
[re1999.bluepoch.com/en/home/img/BGM.png]
[re1999.bluepoch.com/en/home/img/mobile/home_mask.png]
[re1999.bluepoch.com/en/home/css/index926.css]
[re1999.bluepoch.com/en/home/css/firstMobile.css]
[re1999.bluepoch.com/en/home/img/icon/p2.png]
[re1999.bluepoch.com/en/home/css/mobileNews.css]
[re1999.bluepoch.com/en/home/css/characterMobile.css]
[re1999.bluepoch.com/en/home/css/characterPad.css]
[re1999.bluepoch.com/en/home/css/backstoryMobile.css]
[re1999.bluepoch.com/en/home/css/backstoryPad.css]
[re1999.bluepoch.com/en/home/css/galleryMobile.css]
[re1999.bluepoch.com/en/home/css/galleryPad.css]
[re1999.bluepoch.com/en/home/css/statementMobile.css]
[re1999.bluepoch.com/en/home/img/music/1.png]
[re1999.bluepoch.com/en/home/css/musicmaskMobile.css]
[re1999.bluepoch.com/en/home/img/video/str.png]
[re1999.bluepoch.com/en/home/css/musicmaskDetailMobile.css]
[re1999.bluepoch.com/en/home/css/papermaskMobile.css]
[re1999.bluepoch.com/en/home/css/videomaskMobile.css]
[re1999.bluepoch.com/en/home/img/cookie-accept.png]
[re1999.bluepoch.com/en/home/img/cookie-close.png]
[re1999.bluepoch.com/en/home/css/cookie.pop.css]
[re1999.bluepoch.com/en/home/p1d.html]
[re1999.bluepoch.com/en/home/p2d.html]
[re1999.bluepoch.com/en/home/p3d.html]
[re1999.bluepoch.com/en/home/p4d.html]
[re1999.bluepoch.com/en/home/p5d.html]
[re1999.bluepoch.com/en/home/p6d.html]
[re1999.bluepoch.com/en/home/p7d.html]
[re1999.bluepoch.com/en/home/p8d.html]
[re1999.bluepoch.com/en/home/font/Serif.html]
[re1999.bluepoch.com/en/home/font/Sans.html]
[re1999.bluepoch.com/en/home/img/icon/QQ.html]
[re1999.bluepoch.com/en/home/font/Didot.html]
[connect.facebook.net/en_US/sdk.js]
